[
  { "invocation" : ["otc-uncontested-decompose", "<INFILELIST>", "-o"],
    "infile_list": ["3genus-taxonomy.tre", "3genus-resolved.tre"],
    "expected": "export-just-resolving"
  },
  { "invocation" : ["otc-uncontested-decompose", "<INFILELIST>", "-o"],
    "infile_list": ["3genus-taxonomy.tre",
                    "3genus-subsamplehigher.tre",
                    "3genus-resolved.tre"],
    "expected": "export-non-mono-AC"
  },
  { "invocation" : ["otc-uncontested-decompose", "<INFILELIST>", "-o"],
    "infile_list": ["3genus-taxonomy.tre",
                    "3genus-ACvB.tre",
                    "3genus-Anotmonophyletic.tre"
                    ],
    "expected": "export-B-C-higher-A-nonmono-diff-order"
  },
  { "invocation" : ["otc-uncontested-decompose", "<INFILELIST>", "-o", "-r"],
    "infile_list": ["3genus-taxonomy.tre",
                    "3genus-ACvB.tre",
                    "3genus-Anotmonophyletic.tre"
                    ],
    "expected": "retain-contested"
  },
  { "invocation" : ["otc-uncontested-decompose", "<INFILELIST>", "-o"],
    "infile_list": ["3genus-taxonomy.tre",
                    "3genus-lessresolved.tre"
                    ],
    "expected": "export-deeper-polytomy"
  },
  { "invocation" : ["otc-uncontested-decompose", "<INFILELIST>", "-o"],
    "infile_list": ["AtoG-nomonotypictaxonomy.tre",
                    "AtoG-ABvC.tre",
                    "AtoG-DEvF.tre"],
    "expected": "export-disjoint"
  },
  { "invocation" : ["otc-uncontested-decompose", "<INFILELIST>", "-o"],
    "infile_list": ["AtoG-taxonomy.tre",
                    "AtoG-ABvC.tre",
                    "AtoG-DEvF.tre"],
    "expected": "export-disjoint-monotypic"
  },
  { "invocation" : ["otc-uncontested-decompose", "<INFILELIST>", "-o"],
    "infile_list": ["3genus-taxonomy.tre",
                    "3genus-BclosertoA1.tre",
                    "3genus-Anotmonophyletic.tre"
                    ],
    "expected": "export-A-nonmono-embedded-differs"
  },
  { "invocation" : ["otc-uncontested-decompose", "<INFILELIST>", "-o"],
    "infile_list": ["chlorella-taxonomy.tre",
                    "chlorella-phylo.tre"
                    ],
    "expected": "chlorella-case"
  },
  { "invocation" : ["otc-uncontested-decompose", "<INFILELIST>", "-o"],
    "infile_list": ["chlorella-taxonomy.tre",
                    "chlorella-structured.tre"
                    ],
    "expected": "chlorella-case-structured"
  }
]
