[
  {
    "invocation" : ["otc-nonterminals-to-exemplars", "<INFILELIST>", "-o"],
    "infile_list": ["three-genus-taxonomy.tre", "three-genus-subsample-higher.tre"],
    "expected": "expandunsampled"
  },
  {
    "invocation" : ["otc-nonterminals-to-exemplars", "<INFILELIST>", "-o"],
    "infile_list": ["three-genus-taxonomy.tre", "three-genus-subsample-higher.tre", "three-genus-complementing-higher.tre"],
    "expected": "expandsampled"
  },
  {
    "invocation" : ["otc-nonterminals-to-exemplars", "<INFILELIST>", "-o"],
    "infile_list": ["3-level-taxonomy.tre", "3-level-subsample-higher.tre", "3-level-complementing-higher.tre"],
    "expected": "expandnested"
  }
]
