[
  {
      "invocation" : ["otc-solve-subproblem", "<INFILELIST>"],
      "infile_list": ["attachresolved/tree1.tre", "attachresolved/tree2.tre", "attachresolved/tree3.tre", "attachresolved/taxonomy.tre"],
      "expected": "attachresolved"
  },
  {
      "invocation" : ["otc-solve-subproblem", "<INFILELIST>"],
      "infile_list": ["place-is/tree1.tre", "place-is/tax.tre"],
      "expected": "place-no-is"
  },
  {
      "invocation" : ["otc-solve-subproblem", "-I../../../data/place-is/is.txt", "<INFILELIST>"],
      "infile_list": ["place-is/tree1.tre", "place-is/tax.tre"],
      "expected": "place-is"
  },
  {
      "invocation" : ["otc-solve-subproblem", "-I../../../data/is-naming/is1.txt", "<INFILELIST>"],
      "infile_list": ["is-naming/tree1.tre", "is-naming/tax1.tre"],
      "expected": "is-naming1"
  },
  {
      "invocation" : ["otc-solve-subproblem", "-I../../../data/is-naming/is2.txt", "<INFILELIST>"],
      "infile_list": ["is-naming/tree2.tre", "is-naming/tax2.tre"],
      "expected": "is-naming2"
  },
  {
      "invocation" : ["otc-solve-subproblem", "-I../../../data/is-clade/is.txt", "<INFILELIST>"],
      "infile_list": ["is-clade/tree1.tre", "is-clade/tax.tre"],
      "expected": "is-clade-1"
  },
  {
      "invocation" : ["otc-solve-subproblem", "-I../../../data/is-clade/is.txt", "<INFILELIST>"],
      "infile_list": ["is-clade/tree2.tre", "is-clade/tax.tre"],
      "expected": "is-clade-2"
  },
  {
      "invocation" : ["otc-solve-subproblem", "-I../../../data/is-within-is/is.txt", "<INFILELIST>"],
      "infile_list": ["is-within-is/tree1.tre", "is-within-is/tax.tre"],
      "expected": "is-within-is-1"
  }
]
