[
  {
    "invocation" : ["otc-sample-tips", "<INFILELIST>"],
    "infile_list": ["3genus-ABsynth.tre"],
    "expected": "sampletips-expected"
  }
]
