[
  {
    "invocation" : ["otc-move-extinct-higher-to-avoid-contesting-taxa", "<INFILELIST>", "-i{\"extinct\":[1]}"],
    "infile_list": ["6genus-taxonomy.tre", "6genus-ACvB.tre"],
    "expected": "noextinct"
  },
  {
    "invocation" : ["otc-move-extinct-higher-to-avoid-contesting-taxa", "<INFILELIST>", "-i{\"extinct\":[1]}"],
    "infile_list": ["6genus-taxonomy.tre", "6genus-ACvB.tre", "6genus-illegal-Anested.tre"],
    "expected": "nestedinput"
  }
]
