[
  {
    "invocation" : ["otcdetectcontested", "<INFILELIST>"],
    "infile_list": ["three-genus-taxonomy.tre", "three-genus-subsample.tre"],
    "expected": "detectcontested-expected"
  },
  {
    "invocation" : ["otcdetectcontested", "<INFILELIST>"],
    "infile_list": ["three-genus-taxonomy.tre", "three-genus-taxonomy.tre"],
    "expected": "nocontested"
  },
  {
    "invocation" : ["otcdetectcontested", "<INFILELIST>"],
    "infile_list": ["three-genus-taxonomy.tre", "three-genus-subsample-higher.tre"],
    "expected": "detectcontested-higher"
  }
]
