[
  {
    "invocation" : ["otc-taxonomy-parser", "-T", "<INFILELIST>"],
    "infile_list": ["tnrs-taxonomy"],
    "expected": "write-tree"
  }
]
