[
  {
    "invocation" : ["polytomycount", "<INFILE>"],
    "expected": "polytomycount-expected"
  }
]
