[
  {
    "invocation" : ["otc-polytomy-count", "<INFILE>"],
    "expected": "polytomycount-expected"
  }
]
