((ott1,ott2),ott3);
three-genus-taxonomy-resolved.tre
(ott1,ott2,ott3);
TAXONOMY
(ott5,(ott6,ott7));
three-genus-taxonomy-resolved.tre
(ott5,ott6,ott7);
TAXONOMY
((ott9,ott11),ott10);
three-genus-taxonomy-resolved.tre
(ott9,ott10,ott11);
TAXONOMY
((ott4,ott8),ott12);
three-genus-taxonomy-resolved.tre
(ott4,ott8,ott12);
TAXONOMY
