[
  {
      "invocation" : ["otc-relabel-tree", "<INFILELIST>"],
      "infile_list": ["attachresolved/tree1.tre"],
      "expected": "simple"
  }
]
