[
  {
    "invocation" : ["otc-taxonomy-patcher", "--amend-status-to-stdout", "--write-to-stdout", "--edits", "<INFILELIST>"],
    "infile_list": ["delete-set.json", "patch-taxonomy"],
    "expected": "delete-set"
  },
  {
    "invocation" : ["otc-taxonomy-patcher", "--amend-status-to-stdout", "--write-to-stdout", "--edits", "<INFILELIST>"],
    "infile_list": ["append-set.json", "patch-taxonomy"],
    "expected": "append-set"
  },
  {
    "invocation" : ["otc-taxonomy-patcher", "--amend-status-to-stdout", "--write-to-stdout", "--edits", "<INFILELIST>"],
    "infile_list": ["sink.json", "patch-taxonomy"],
    "expected": "sink"
  },
  {
    "invocation" : ["otc-taxonomy-patcher", "--amend-status-to-stdout", "--write-to-stdout", "--edits", "<INFILELIST>"],
    "infile_list": ["unmarked-homonym.json", "tnrs-taxonomy"],
    "expected": "unmarked-homonym"
  },
  {
    "invocation" : ["otc-taxonomy-patcher", "--amend-status-to-stdout", "--write-to-stdout", "--edits", "<INFILELIST>"],
    "infile_list": ["repeated-ott-id.json", "tnrs-taxonomy"],
    "expected": "repeated-ott-id"
  },
  {
    "invocation" : ["otc-taxonomy-patcher", "--amend-status-to-stdout", "--write-to-stdout", "--edits", "<INFILELIST>"],
    "infile_list": ["unknown-parent.json", "tnrs-taxonomy"],
    "expected": "unknown-parent"
  },
  {
    "invocation" : ["otc-taxonomy-patcher", "--amend-status-to-stdout", "--write-to-stdout", "--edits", "<INFILELIST>"],
    "infile_list": ["terse-edits.json", "tnrs-taxonomy"],
    "expected": "valid"
  },
  {
    "invocation" : ["otc-taxonomy-patcher", "--amend-status-to-stdout", "--write-to-stdout", "--edits", "<INFILELIST>"],
    "infile_list": ["add-redirect.json", "tnrs-taxonomy"],
    "expected": "add-redirect"
  },
  {
    "invocation" : ["otc-taxonomy-patcher", "--amend-status-to-stdout", "--write-to-stdout", "--edits", "<INFILELIST>"],
    "infile_list": ["rename.json", "tnrs-taxonomy"],
    "expected": "rename"
  },
  {
    "invocation" : ["otc-taxonomy-patcher", "--amend-status-to-stdout", "--write-to-stdout", "--edits", "<INFILELIST>"],
    "infile_list": ["add-hidden.json", "tnrs-taxonomy"],
    "expected": "add-hidden"
  }
]
