[
  {
      "invocation" : ["otc-unprune-solution-and-name-unnamed-nodes", "-iis_incertae_sedis.txt", "<INFILELIST>"],
      "infile_list": ["is_synth.tre", "is_taxonomy.tre"],
      "expected": "incertae-sedis"
  },
  {
      "invocation" : ["otc-unprune-solution-and-name-unnamed-nodes", "-jobtained-extra", "-iis_incertae_sedis.txt", "<INFILELIST>"],
      "infile_list": ["is_synth_dup.tre", "is_taxonomy_dup.tre"],
      "expected": "incertae-sedis-dup-name"
  },
  {
      "invocation" : ["otc-unprune-solution-and-name-unnamed-nodes", "<INFILELIST>"],
      "infile_list": ["3genus-ACvB.tre", "3genus-taxonomy.tre"],
      "expected": "simple-unprune"
  },
  {
      "invocation" : ["otc-unprune-solution-and-name-unnamed-nodes", "-jobtained-extra", "<INFILELIST>"],
      "infile_list": ["3genus-AnotmonophyleticCandB.tre", "3genus-taxonomy.tre"],
      "expected": "non-monophyletic"
  },
  {
      "invocation" : ["otc-unprune-solution-and-name-unnamed-nodes", "-jobtained-extra", "<INFILELIST>"],
      "infile_list": ["spermatophyta_synth.tre", "spermatophyta_taxonomy.tre"],
      "expected": "spermatophyta"
  },
  {
      "invocation" : ["otc-unprune-solution-and-name-unnamed-nodes", "-jobtained-extra", "<INFILELIST>"],
      "infile_list": ["AtoG-ABvC-soln.tre", "AtoG-taxonomy.tre"],
      "expected": "monotypic"
  },
  {
      "invocation" : ["otc-unprune-solution-and-name-unnamed-nodes", "-jobtained-extra", "<INFILELIST>"],
      "infile_list": ["AtoG-ABvC-soln-forkingmono.tre", "AtoG-taxonomy-forkingmono.tre"],
      "expected": "forkingmono"
  },
  {
      "invocation" : ["otc-unprune-solution-and-name-unnamed-nodes", "-jobtained-extra", "<INFILELIST>"],
      "infile_list": ["AtoG-ABvC-soln-forkingmono-other.tre", "AtoG-taxonomy-forkingmono.tre"],
      "expected": "forkingmono"
  }
]
